scripts/check-prisma-login.ts(1,30): error TS2307: Cannot find module '../src/generated/client' or its corresponding type declarations.
src/app/api/invoices/route.ts(132,71): error TS2339: Property 'name' does not exist on type '{ customerName: string; }'.
src/app/banking/receipts-deposits/page.tsx(52,85): error TS2345: Argument of type '"receipts-deposits"' is not assignable to parameter of type '"add-product" | "customer-list" | "add-customer" | "customer-payment" | "add-customer-payment" | "customer-loyalty-points" | "loyalty-settings" | "add-loyalty-card" | "add-loyalty-setting" | ... 38 more ... | "balance-sheet"'.
src/app/banking/reconcile/page.tsx(153,88): error TS2345: Argument of type '"receipts-deposits"' is not assignable to parameter of type '"add-product" | "customer-list" | "add-customer" | "customer-payment" | "add-customer-payment" | "customer-loyalty-points" | "loyalty-settings" | "add-loyalty-card" | "add-loyalty-setting" | ... 38 more ... | "balance-sheet"'.
src/app/customer/list/page.tsx(192,46): error TS2554: Expected 1 arguments, but got 2.
src/components/layout/main-menu.tsx(48,50): error TS2345: Argument of type '"backup-scheduler"' is not assignable to parameter of type '"add-product" | "customer-list" | "add-customer" | "customer-payment" | "add-customer-payment" | "customer-loyalty-points" | "loyalty-settings" | "add-loyalty-card" | "add-loyalty-setting" | ... 38 more ... | "balance-sheet"'.
src/components/transactions/edit-transaction-dialog.tsx(74,17): error TS2345: Argument of type '"edit-transaction"' is not assignable to parameter of type '"add-product" | "customer-list" | "add-customer" | "customer-payment" | "add-customer-payment" | "customer-loyalty-points" | "loyalty-settings" | "add-loyalty-card" | "add-loyalty-setting" | ... 38 more ... | "balance-sheet"'.
src/components/transactions/view-transaction-dialog.tsx(21,17): error TS2345: Argument of type '"view-transaction"' is not assignable to parameter of type '"add-product" | "customer-list" | "add-customer" | "customer-payment" | "add-customer-payment" | "customer-loyalty-points" | "loyalty-settings" | "add-loyalty-card" | "add-loyalty-setting" | ... 38 more ... | "balance-sheet"'.
